// Vitest Snapshot v1, https://vitest.dev/guide/snapshot.html

exports[`UserWords component > renders two forms that have fields for creating a text word, importing a csv file of words, searching words, sorting words, and filtering words 1`] = `
<DocumentFragment>
  <section
    class="_words_727679"
  >
    <div
      class="_words__top_727679"
    >
      <div
        class="_words__container_727679"
      >
        <form
          action="javascript:throw new Error('A React form was unexpectedly submitted. If you called form.submit() manually, consider using form.requestSubmit() instead. If you\\'re trying to use event.stopPropagation() in a submit event handler, consider also calling event.preventDefault().')"
          class="_words__form_727679"
        >
          <div
            class="_words__control_727679"
          >
            <label
              class="_words__label_727679"
            >
              Word
              <input
                class="_words__input_727679 _words__input--add_727679"
                maxlength="45"
                name="word"
                placeholder="Add a new word to your dictionary..."
                type="text"
              />
            </label>
          </div>
          <div
            class="_words__control_727679"
          >
            <label
              class="_words__label_727679"
            >
              Import Words
              <svg
                class="lucide lucide-import _word__icon_727679"
                fill="none"
                height="24"
                stroke="currentColor"
                stroke-linecap="round"
                stroke-linejoin="round"
                stroke-width="2"
                viewBox="0 0 24 24"
                width="24"
                xmlns="http://www.w3.org/2000/svg"
              >
                <path
                  d="M12 3v12"
                />
                <path
                  d="m8 11 4 4 4-4"
                />
                <path
                  d="M8 5H4a2 2 0 0 0-2 2v10a2 2 0 0 0 2 2h16a2 2 0 0 0 2-2V7a2 2 0 0 0-2-2h-4"
                />
              </svg>
              <input
                accept="text/csv"
                class="_words__button_727679 _words__button--import_727679"
                name="csv"
                type="file"
              />
            </label>
          </div>
          <button
            class="_words__button_727679 _words__button--add_727679"
            type="submit"
          >
            Add
          </button>
        </form>
        <form
          action="javascript:throw new Error('A React form was unexpectedly submitted. If you called form.submit() manually, consider using form.requestSubmit() instead. If you\\'re trying to use event.stopPropagation() in a submit event handler, consider also calling event.preventDefault().')"
          class="_words__form_727679"
        >
          <div
            class="_words__control_727679"
          >
            <label
              class="_words__label_727679"
            >
              Export Words
              <svg
                class="lucide lucide-download _word__icon_727679"
                fill="none"
                height="24"
                stroke="currentColor"
                stroke-linecap="round"
                stroke-linejoin="round"
                stroke-width="2"
                viewBox="0 0 24 24"
                width="24"
                xmlns="http://www.w3.org/2000/svg"
              >
                <path
                  d="M21 15v4a2 2 0 0 1-2 2H5a2 2 0 0 1-2-2v-4"
                />
                <polyline
                  points="7 10 12 15 17 10"
                />
                <line
                  x1="12"
                  x2="12"
                  y1="15"
                  y2="3"
                />
              </svg>
              <input
                class="_words__button_727679 _words__button--import_727679"
                type="button"
              />
            </label>
          </div>
          <div
            class="_words__control_727679"
          >
            <label
              class="_words__label_727679"
            >
              Search
              <input
                class="_words__input_727679 _words__input--search_727679"
                name="search"
                placeholder="Search for words in your dictionary..."
                type="search"
              />
            </label>
          </div>
          <div
            class="_words__control_727679"
          >
            <label
              class="_words__label_727679"
            >
              Sort by:
              <select
                class="_words__select_727679"
                name="created_at"
              >
                <option
                  class="_words__option_727679"
                  value=""
                >
                  Featured
                </option>
                <option
                  class="_words__option_727679"
                  value="1"
                >
                  Newest
                </option>
                <option
                  class="_words__option_727679"
                  value="-1"
                >
                  Oldest
                </option>
              </select>
            </label>
          </div>
          <div
            class="_words__control_727679"
          >
            <label
              class="_words__label_727679"
            >
              Filter by:
              <select
                class="_words__select_727679"
                name="learned"
              >
                <option
                  class="_words__option_727679"
                  value=""
                >
                  Any
                </option>
                <option
                  class="_words__option_727679"
                  value="true"
                >
                  Learned
                </option>
                <option
                  class="_words__option_727679"
                  value="false"
                >
                  Unlearned
                </option>
              </select>
            </label>
          </div>
          <button
            class="_words__button_727679 _words__button--add_727679"
            type="submit"
          >
            Filter
          </button>
        </form>
      </div>
    </div>
    <div
      data-testid="name"
    >
      Words
    </div>
    <div
      data-testid="totalRows"
    >
      1
    </div>
    <div
      data-testid="list"
    >
      <div
        data-testid="props"
      >
        {"id":"1","word":"word"}
      </div>
    </div>
    <div
      data-testid="isLoading"
    >
      false
    </div>
    <div
      data-testid="isSuccess"
    >
      true
    </div>
    <div
      data-testid="error"
    >
      null
    </div>
    <div
      data-testid="previous"
    >
      {"page":1,"limit":"10"}
    </div>
    <div
      data-testid="next"
    >
      {"page":3,"limit":"10"}
    </div>
  </section>
</DocumentFragment>
`;
