// Vitest Snapshot v1, https://vitest.dev/guide/snapshot.html

exports[`AddToDate > renders five inputs for minutes, hours, days, weeks, and months 1`] = `
<DocumentFragment>
  <fieldset
    class="_add-to-date_52612a"
  >
    <legend
      class="_add-to-date__fieldset_52612a"
    >
      Reminder
    </legend>
    <div
      class="_add-to-date__control_52612a"
    >
      <label
        class="_add-to-date__label_52612a"
        for="reminder-minutes"
      >
        Minutes
      </label>
      <input
        class="_add-to-date__input_52612a"
        id="reminder-minutes"
        max="60"
        min="0"
        name="reminder-minutes"
        required=""
        type="number"
        value="5"
      />
    </div>
    <div
      class="_add-to-date__control_52612a"
    >
      <label
        class="_add-to-date__label_52612a"
        for="reminder-hours"
      >
        Hours
      </label>
      <input
        class="_add-to-date__input_52612a"
        id="reminder-hours"
        max="24"
        min="0"
        name="reminder-hours"
        required=""
        type="number"
        value="2"
      />
    </div>
    <div
      class="_add-to-date__control_52612a"
    >
      <label
        class="_add-to-date__label_52612a"
        for="reminder-days"
      >
        Days
      </label>
      <input
        class="_add-to-date__input_52612a"
        id="reminder-days"
        max="31"
        min="0"
        name="reminder-days"
        required=""
        type="number"
        value="3"
      />
    </div>
    <div
      class="_add-to-date__control_52612a"
    >
      <label
        class="_add-to-date__label_52612a"
        for="reminder-weeks"
      >
        Weeks
      </label>
      <input
        class="_add-to-date__input_52612a"
        id="reminder-weeks"
        max="52"
        min="0"
        name="reminder-weeks"
        required=""
        type="number"
        value="4"
      />
    </div>
    <div
      class="_add-to-date__control_52612a"
    >
      <label
        class="_add-to-date__label_52612a"
        for="reminder-months"
      >
        Months
      </label>
      <input
        class="_add-to-date__input_52612a"
        id="reminder-months"
        max="12"
        min="0"
        name="reminder-months"
        required=""
        type="number"
        value="1"
      />
    </div>
  </fieldset>
</DocumentFragment>
`;
