// Vitest Snapshot v1, https://vitest.dev/guide/snapshot.html

exports[`EmailConfirmation component > calls the functions to send confirmation email 1`] = `
<DocumentFragment>
  <div
    class="_email-confirmation_9d1292"
  >
    <div
      class="_email-confirmation__container_9d1292"
    >
      <img
        alt=""
        class="_email-confirmation__image_9d1292"
        src="/images/word-reminder.png"
      />
    </div>
    <h2
      class="_email-confirmation__heading_9d1292"
    >
      Check your email
    </h2>
    <p
      class="_email-confirmation__message_9d1292"
    >
      Follow the link in the email sent to
      <span
        class="_email-confirmation__bold_9d1292"
      >
         bob@gmail.com 
      </span>
      to create, verify, and use your account.
    </p>
    <button
      class="_email-confirmation__button_9d1292"
    >
      Cancel
    </button>
  </div>
</DocumentFragment>
`;
