// Vitest Snapshot v1, https://vitest.dev/guide/snapshot.html

exports[`UserWord component > renders word, origin, phonetics, meanings, license, source urls, and images 1`] = `
<DocumentFragment>
  <div
    class="_word_063118"
  >
    <h2
      class="_word__heading_063118"
    >
      word
    </h2>
    <p
      class="_word__learned_063118"
    >
      Learned word
    </p>
    <p
      class="_word__created_at_063118"
    >
      5/12/2020, 7:50:21 PM
    </p>
    <div
      data-testid="image-carousel"
    >
      [object Object]
    </div>
    <div
      class="_word_content_063118"
    >
      <div
        class="_word__top_063118"
      >
        <div
          class="_word__title_063118"
        >
          <p
            class="_word__phonetic_063118"
          >
            /wɜːd/
          </p>
          <ul
            class="_word__phonetics_063118"
          >
            <li
              class="_word__phonetic_063118"
            >
              <p
                class="_word__text_063118"
              >
                /wɜːd/
              </p>
            </li>
            <li
              class="_word__phonetic_063118"
            >
              <p
                class="_word__text_063118"
              >
                /wɝd/
              </p>
              <button
                class="_word__button_063118"
              >
                <span
                  class="_word__text_063118"
                >
                  Pronounce word
                </span>
                <svg
                  class="lucide lucide-play _word__icon_063118"
                  fill="none"
                  height="24"
                  stroke="currentColor"
                  stroke-linecap="round"
                  stroke-linejoin="round"
                  stroke-width="2"
                  viewBox="0 0 24 24"
                  width="24"
                  xmlns="http://www.w3.org/2000/svg"
                >
                  <polygon
                    points="6 3 20 12 6 21 6 3"
                  />
                </svg>
              </button>
              <a
                class="_word__link_063118"
                href="https://commons.wikimedia.org/w/index.php?curid=1197728"
              >
                Phonetic Source
              </a>
              <div
                class="_word__license_063118"
              >
                <p
                  class="_word__name_063118"
                >
                  BY-SA 3.0
                </p>
                <a
                  class="_word__url_063118"
                  href="https://creativecommons.org/licenses/by-sa/3.0"
                >
                  Phonetic License
                </a>
              </div>
            </li>
          </ul>
        </div>
      </div>
      <div
        class="_word__container_063118"
      >
        <div
          class="_word__block_063118"
        >
          <h3
            class="_word__subtitle_063118"
          >
            Origin
          </h3>
          <p
            class="_word__description_063118"
          >
            The foundation of a language.
          </p>
        </div>
        <div
          class="_word__meanings_063118"
        >
          <span
            class="_word__part-of-speech_063118"
          >
            noun 
            <hr
              class="_word__line_063118"
            />
          </span>
          <div
            class="_word__block_063118"
          >
            <h3
              class="_word__subtitle_063118"
            >
              Meanings
            </h3>
            <ul
              class="_word__definitions_063118"
            >
              <li
                class="_word__definition_063118"
              >
                <p
                  class="_word__definition_063118"
                >
                  News; tidings (used without an article).
                </p>
                <p
                  class="_word__example_063118"
                >
                  Have you had any word from John yet?
                </p>
              </li>
              <li
                class="_word__definition_063118"
              >
                <p
                  class="_word__definition_063118"
                >
                  A promise; an oath or guarantee.
                </p>
                <p
                  class="_word__example_063118"
                >
                  I give you my word that I will be there on time.
                </p>
              </li>
              <li
                class="_word__synonym_063118"
              >
                promise
              </li>
              <li
                class="_word__antonym_063118"
              >
                false promise
              </li>
            </ul>
          </div>
          <div
            class="_word__block_063118"
          >
            <h3
              class="_word__subtitle_063118"
            >
              Synonyms
            </h3>
            <ul
              class="_word__definitions_063118"
            >
              <li
                class="_word__synonym_063118"
              >
                Bible
              </li>
              <li
                class="_word__synonym_063118"
              >
                Logos
              </li>
              <li
                class="_word__synonym_063118"
              >
                vocable
              </li>
            </ul>
          </div>
          <div
            class="_word__block_063118"
          >
            <h3
              class="_word__subtitle_063118"
            >
              Antonyms
            </h3>
            <ul
              class="_word__definitions_063118"
            />
          </div>
          <div
            class="_word__license_063118"
          >
            <p
              class="_word__name_063118"
            >
              CC BY-SA 3.0
            </p>
            <a
              class="_word__url_063118"
              href="https://creativecommons.org/licenses/by-sa/3.0"
            >
              Word License
            </a>
          </div>
          <ul
            class="_word__list_063118"
          >
            <li
              class="_word__item_063118"
            >
              <a
                class="_word__link_063118"
                href="https://en.wiktionary.org/wiki/word"
              >
                Word Source
              </a>
            </li>
          </ul>
        </div>
      </div>
    </div>
  </div>
</DocumentFragment>
`;
