// Vitest Snapshot v1, https://vitest.dev/guide/snapshot.html

exports[`App component > when MODE !== 'production' > renders main element and footer 1`] = `
<DocumentFragment>
  <div
    class="_app_2f9351"
  >
    <div
      data-testid="navigation"
    />
    <main
      class="_app__main_2f9351"
    >
      <div
        data-testid="outlet"
      />
    </main>
    <div
      data-testid="footer"
    />
  </div>
</DocumentFragment>
`;

exports[`App component > when MODE === 'production' > renders main element and footer when the user is confirmed 1`] = `
<DocumentFragment>
  <div
    class="_app_2f9351"
  >
    <div
      data-testid="navigation"
    />
    <main
      class="_app__main_2f9351"
    >
      <div
        data-testid="outlet"
      />
    </main>
    <div
      data-testid="footer"
    />
  </div>
</DocumentFragment>
`;
