// Vitest Snapshot v1, https://vitest.dev/guide/snapshot.html

exports[`EmailChangeModal > updateEmail > shows form 1`] = `
<DocumentFragment>
  <div>
    <h2>
      Confirm your email
    </h2>
    <button
      aria-label="Close modal"
    >
      X
    </button>
    <div>
      <form
        action="javascript:throw new Error('A React form was unexpectedly submitted. If you called form.submit() manually, consider using form.requestSubmit() instead. If you\\'re trying to use event.stopPropagation() in a submit event handler, consider also calling event.preventDefault().')"
        class="_modal_ff4fcd"
      >
        <p
          class="_modal__message_ff4fcd"
        >
          Please enter the confirmation code that was sent to 
          <span
            class="_modal__bold_ff4fcd"
          >
            bob@email.com
          </span>
           within 5 minutes.
        </p>
        <label
          class="_modal__label_ff4fcd"
        >
          Code
          <input
            class="_modal__input_ff4fcd"
            maxlength="16"
            name="code"
            required=""
            type="text"
          />
        </label>
        <div
          class="_modal__buttons_ff4fcd"
        >
          <button
            class="_modal__button_ff4fcd _modal__button--cancel_ff4fcd"
          >
            Cancel
          </button>
          <button
            class="_modal__button_ff4fcd _modal__button--confirm_ff4fcd"
            type="submit"
          >
            Enter Code
          </button>
        </div>
      </form>
    </div>
  </div>
</DocumentFragment>
`;

exports[`EmailChangeModal > updatePassword > shows form 1`] = `
<DocumentFragment>
  <div>
    <h2>
      Confirm your email
    </h2>
    <button
      aria-label="Close modal"
    >
      X
    </button>
    <div>
      <form
        action="javascript:throw new Error('A React form was unexpectedly submitted. If you called form.submit() manually, consider using form.requestSubmit() instead. If you\\'re trying to use event.stopPropagation() in a submit event handler, consider also calling event.preventDefault().')"
        class="_modal_ff4fcd"
      >
        <p
          class="_modal__message_ff4fcd"
        >
          Please enter the confirmation code that was sent to 
          <span
            class="_modal__bold_ff4fcd"
          >
            bob@email.com
          </span>
           within 5 minutes.
        </p>
        <label
          class="_modal__label_ff4fcd"
        >
          Code
          <input
            class="_modal__input_ff4fcd"
            maxlength="16"
            name="code"
            required=""
            type="text"
          />
        </label>
        <div
          class="_modal__buttons_ff4fcd"
        >
          <button
            class="_modal__button_ff4fcd _modal__button--cancel_ff4fcd"
          >
            Cancel
          </button>
          <button
            class="_modal__button_ff4fcd _modal__button--confirm_ff4fcd"
            type="submit"
          >
            Enter Code
          </button>
        </div>
      </form>
    </div>
  </div>
</DocumentFragment>
`;
