// Vitest Snapshot v1, https://vitest.dev/guide/snapshot.html

exports[`AutoCreateWordReminderModal component > renders form with all inputs 1`] = `
<DocumentFragment>
  <div>
    <h2
      data-testid="modal-heading"
    >
      Automatically Create Word Reminder
    </h2>
    <button
      aria-label="Close modal"
    >
      X
    </button>
    <div>
      <form
        action="javascript:throw new Error('A React form was unexpectedly submitted. If you called form.submit() manually, consider using form.requestSubmit() instead. If you\\'re trying to use event.stopPropagation() in a submit event handler, consider also calling event.preventDefault().')"
        class="_modal__form_1a29e7"
      >
        <div
          class="_modal__control_1a29e7"
        >
          <label
            class="_modal__label_1a29e7"
            for="reminder"
          >
            Reminder
          </label>
          <input
            class="_modal__input_1a29e7"
            id="reminder"
            maxlength="10"
            name="reminder"
            placeholder="1 hour (indicating every hour), 30 minutes (indicating every thirty minutes)"
            required=""
            type="text"
          />
        </div>
        <div
          class="_modal__control_1a29e7"
        >
          <label
            class="_modal__label_1a29e7"
            for="duration"
          >
            Duration
          </label>
          <input
            class="_modal__input_1a29e7"
            id="duration"
            maxlength="10"
            name="duration"
            placeholder="1 week, 2 weeks, 10 days"
            required=""
            type="text"
          />
        </div>
        <div
          class="_modal__control_1a29e7"
        >
          <label
            class="_modal__label_1a29e7"
            for="word_count"
          >
            Word Count
          </label>
          <input
            class="_modal__input_1a29e7"
            id="word_count"
            max="99"
            name="word_count"
            required=""
            type="number"
          />
        </div>
        <fieldset
          class="_modal__fieldset_1a29e7"
        >
          <legend
            class="_modal__legend_1a29e7"
          >
            Options
          </legend>
          <div
            class="_modal__control_1a29e7"
          >
            <label
              class="_modal__label_1a29e7"
              for="create_now"
            >
              Create Now
            </label>
            <input
              checked=""
              class="_modal__input_1a29e7"
              id="create_now"
              name="create_now"
              type="checkbox"
            />
          </div>
          <div
            class="_modal__control_1a29e7"
          >
            <label
              class="_modal__label_1a29e7"
              for="is_active"
            >
              Is Active
            </label>
            <input
              checked=""
              class="_modal__input_1a29e7"
              id="is_active"
              name="is_active"
              type="checkbox"
            />
          </div>
          <div
            class="_modal__control_1a29e7"
          >
            <label
              class="_modal__label_1a29e7"
              for="has_reminder_onload"
            >
              Has Reminder Onload
            </label>
            <input
              checked=""
              class="_modal__input_1a29e7"
              id="has_reminder_onload"
              name="has_reminder_onload"
              type="checkbox"
            />
          </div>
          <div
            class="_modal__control_1a29e7"
          >
            <label
              class="_modal__label_1a29e7"
              for="has_learned_words"
            >
              Has Learned Words
            </label>
            <input
              class="_modal__input_1a29e7"
              id="has_learned_words"
              name="has_learned_words"
              type="checkbox"
            />
          </div>
          <div
            class="_modal__control_1a29e7"
          >
            <label
              class="_modal__label_1a29e7"
              for="order"
            >
              Order
            </label>
            <select
              class="_modal__select_1a29e7"
              id="order"
              name="order"
              required=""
            >
              <option
                class="_modal__option_1a29e7"
                value="newest"
              >
                Newest
              </option>
              <option
                class="_modal__option_1a29e7"
                value="oldest"
              >
                Oldest
              </option>
              <option
                class="_modal__option_1a29e7"
                selected=""
                value="random"
              >
                Random
              </option>
            </select>
          </div>
        </fieldset>
        <button
          class="_modal__button_1a29e7"
          type="submit"
        >
          Create
        </button>
      </form>
    </div>
  </div>
</DocumentFragment>
`;
