// Vitest Snapshot v1, https://vitest.dev/guide/snapshot.html

exports[`CreateAutoWordReminderModal component > renders form with all inputs 1`] = `
<DocumentFragment>
  <div>
    <h2
      data-testid="modal-heading"
    >
      Automatically Create Word Reminder
    </h2>
    <button
      aria-label="Close modal"
    >
      X
    </button>
    <div>
      <form
        action="javascript:throw new Error('A React form was unexpectedly submitted. If you called form.submit() manually, consider using form.requestSubmit() instead. If you\\'re trying to use event.stopPropagation() in a submit event handler, consider also calling event.preventDefault().')"
        class="_modal__form_42f588"
      >
        <fieldset
          class="_add-to-date_52612a"
        >
          <legend
            class="_add-to-date__fieldset_52612a"
          >
            Reminder
          </legend>
          <div
            class="_add-to-date__control_52612a"
          >
            <label
              class="_add-to-date__label_52612a"
              for="reminder-minutes"
            >
              Minutes
            </label>
            <input
              class="_add-to-date__input_52612a"
              id="reminder-minutes"
              max="60"
              min="0"
              name="reminder-minutes"
              required=""
              type="number"
              value="0"
            />
          </div>
          <div
            class="_add-to-date__control_52612a"
          >
            <label
              class="_add-to-date__label_52612a"
              for="reminder-hours"
            >
              Hours
            </label>
            <input
              class="_add-to-date__input_52612a"
              id="reminder-hours"
              max="24"
              min="0"
              name="reminder-hours"
              required=""
              type="number"
              value="0"
            />
          </div>
          <div
            class="_add-to-date__control_52612a"
          >
            <label
              class="_add-to-date__label_52612a"
              for="reminder-days"
            >
              Days
            </label>
            <input
              class="_add-to-date__input_52612a"
              id="reminder-days"
              max="31"
              min="0"
              name="reminder-days"
              required=""
              type="number"
              value="0"
            />
          </div>
          <div
            class="_add-to-date__control_52612a"
          >
            <label
              class="_add-to-date__label_52612a"
              for="reminder-weeks"
            >
              Weeks
            </label>
            <input
              class="_add-to-date__input_52612a"
              id="reminder-weeks"
              max="52"
              min="0"
              name="reminder-weeks"
              required=""
              type="number"
              value="0"
            />
          </div>
          <div
            class="_add-to-date__control_52612a"
          >
            <label
              class="_add-to-date__label_52612a"
              for="reminder-months"
            >
              Months
            </label>
            <input
              class="_add-to-date__input_52612a"
              id="reminder-months"
              max="12"
              min="0"
              name="reminder-months"
              required=""
              type="number"
              value="0"
            />
          </div>
        </fieldset>
        <fieldset
          class="_add-to-date_52612a"
        >
          <legend
            class="_add-to-date__fieldset_52612a"
          >
            Duration
          </legend>
          <div
            class="_add-to-date__control_52612a"
          >
            <label
              class="_add-to-date__label_52612a"
              for="duration-minutes"
            >
              Minutes
            </label>
            <input
              class="_add-to-date__input_52612a"
              id="duration-minutes"
              max="60"
              min="0"
              name="duration-minutes"
              required=""
              type="number"
              value="0"
            />
          </div>
          <div
            class="_add-to-date__control_52612a"
          >
            <label
              class="_add-to-date__label_52612a"
              for="duration-hours"
            >
              Hours
            </label>
            <input
              class="_add-to-date__input_52612a"
              id="duration-hours"
              max="24"
              min="0"
              name="duration-hours"
              required=""
              type="number"
              value="0"
            />
          </div>
          <div
            class="_add-to-date__control_52612a"
          >
            <label
              class="_add-to-date__label_52612a"
              for="duration-days"
            >
              Days
            </label>
            <input
              class="_add-to-date__input_52612a"
              id="duration-days"
              max="31"
              min="0"
              name="duration-days"
              required=""
              type="number"
              value="0"
            />
          </div>
          <div
            class="_add-to-date__control_52612a"
          >
            <label
              class="_add-to-date__label_52612a"
              for="duration-weeks"
            >
              Weeks
            </label>
            <input
              class="_add-to-date__input_52612a"
              id="duration-weeks"
              max="52"
              min="0"
              name="duration-weeks"
              required=""
              type="number"
              value="0"
            />
          </div>
          <div
            class="_add-to-date__control_52612a"
          >
            <label
              class="_add-to-date__label_52612a"
              for="duration-months"
            >
              Months
            </label>
            <input
              class="_add-to-date__input_52612a"
              id="duration-months"
              max="12"
              min="0"
              name="duration-months"
              required=""
              type="number"
              value="0"
            />
          </div>
        </fieldset>
        <div
          class="_modal__control_42f588"
        >
          <label
            class="_modal__label_42f588"
            for="word_count"
          >
            Word Count
          </label>
          <input
            class="_modal__input_42f588"
            id="word_count"
            max="99"
            name="word_count"
            required=""
            type="number"
          />
        </div>
        <fieldset
          class="_modal__fieldset_42f588"
        >
          <legend
            class="_modal__legend_42f588"
          >
            Options
          </legend>
          <div
            class="_modal__control_42f588"
          >
            <label
              class="_modal__label_42f588"
              for="create_now"
            >
              Create Now
            </label>
            <input
              checked=""
              class="_modal__input_42f588"
              id="create_now"
              name="create_now"
              type="checkbox"
            />
          </div>
          <div
            class="_modal__control_42f588"
          >
            <label
              class="_modal__label_42f588"
              for="is_active"
            >
              Is Active
            </label>
            <input
              checked=""
              class="_modal__input_42f588"
              id="is_active"
              name="is_active"
              type="checkbox"
            />
          </div>
          <div
            class="_modal__control_42f588"
          >
            <label
              class="_modal__label_42f588"
              for="has_reminder_onload"
            >
              Has Reminder Onload
            </label>
            <input
              checked=""
              class="_modal__input_42f588"
              id="has_reminder_onload"
              name="has_reminder_onload"
              type="checkbox"
            />
          </div>
          <div
            class="_modal__control_42f588"
          >
            <label
              class="_modal__label_42f588"
              for="has_learned_words"
            >
              Has Learned Words
            </label>
            <input
              class="_modal__input_42f588"
              id="has_learned_words"
              name="has_learned_words"
              type="checkbox"
            />
          </div>
          <div
            class="_modal__control_42f588"
          >
            <label
              class="_modal__label_42f588"
              for="order"
            >
              Order
            </label>
            <select
              class="_modal__select_42f588"
              id="order"
              name="order"
              required=""
            >
              <option
                class="_modal__option_42f588"
                value="newest"
              >
                Newest
              </option>
              <option
                class="_modal__option_42f588"
                value="oldest"
              >
                Oldest
              </option>
              <option
                class="_modal__option_42f588"
                selected=""
                value="random"
              >
                Random
              </option>
            </select>
          </div>
        </fieldset>
        <button
          class="_modal__button_42f588"
          type="submit"
        >
          Create
        </button>
      </form>
    </div>
  </div>
</DocumentFragment>
`;
