// Vitest Snapshot v1, https://vitest.dev/guide/snapshot.html

exports[`PaginatedList component > pagination > renders no pagination links when there is no previous or next page 1`] = `[Function]`;

exports[`PaginatedList component > pagination > renders pagination links when there is a previous and a next page 1`] = `[Function]`;

exports[`PaginatedList component > pagination > renders the next pagination link when there is a next page but not a previous page 1`] = `[Function]`;

exports[`PaginatedList component > pagination > renders the previous pagination link when there is a previous page but not a next page 1`] = `[Function]`;

exports[`PaginatedList component > when it is loading > renders that it is loading 1`] = `[Function]`;

exports[`PaginatedList component > when it is successful > renders list 1`] = `[Function]`;

exports[`PaginatedList component > when it is successful > renders that there are no things in the list when it is empty 1`] = `[Function]`;

exports[`PaginatedList component > when there is an error > renders error message 1`] = `[Function]`;
