// Vitest Snapshot v1, https://vitest.dev/guide/snapshot.html

exports[`SortSelect > renders select with three options: Featured, Newest, Oldest 1`] = `
<DocumentFragment>
  <div
    class="_sort_7b9046"
  >
    <label
      class="_sort__label_7b9046"
    >
      Sort by:
      <select
        class="_sort__select_7b9046"
        name="created_at"
      >
        <option
          class="_sort__option_7b9046"
          value=""
        >
          Featured
        </option>
        <option
          class="_sort__option_7b9046"
          value="1"
        >
          Newest
        </option>
        <option
          class="_sort__option_7b9046"
          value="-1"
        >
          Oldest
        </option>
      </select>
    </label>
  </div>
</DocumentFragment>
`;
