// Vitest Snapshot v1, https://vitest.dev/guide/snapshot.html

exports[`Login component > calls the functions to login, show notification, and redirect user 1`] = `
<DocumentFragment>
  <div
    aria-labelledby="notification-message"
    class="_notification_120862 _notification--success_120862"
    role="dialog"
  >
    <div
      class="_notification__flex_120862"
    >
      <div
        class="_notification__item_120862"
      >
        <svg
          class="lucide lucide-circle-check _notification__icon_120862 _notification__icon--circle_120862"
          data-testid="check-icon"
          fill="none"
          height="24"
          stroke="currentColor"
          stroke-linecap="round"
          stroke-linejoin="round"
          stroke-width="2"
          viewBox="0 0 24 24"
          width="24"
          xmlns="http://www.w3.org/2000/svg"
        >
          <circle
            cx="12"
            cy="12"
            r="10"
          />
          <path
            d="m9 12 2 2 4-4"
          />
        </svg>
      </div>
      <div
        class="_notification__box_120862"
      >
        <span
          class="_notification__message_120862"
          id="notification-message"
        >
          You have successfully logged in, bob@gmail.com.
        </span>
      </div>
      <div
        class="_notification__controls_120862"
      >
        <div
          class="_notification__control_120862"
        >
          <button
            class="_notification_button_120862"
          >
            <span
              class="_notification__text_120862"
            >
              Dismiss
            </span>
            <svg
              class="lucide lucide-x _notification__icon_120862"
              fill="none"
              height="24"
              stroke="currentColor"
              stroke-linecap="round"
              stroke-linejoin="round"
              stroke-width="2"
              viewBox="0 0 24 24"
              width="24"
              xmlns="http://www.w3.org/2000/svg"
            >
              <path
                d="M18 6 6 18"
              />
              <path
                d="m6 6 12 12"
              />
            </svg>
          </button>
        </div>
      </div>
    </div>
  </div>
  <section
    class="_auth_340faf _auth--login_340faf"
  >
    <div
      class="_auth__hero_340faf"
    >
      <h2
        class="_auth__heading_340faf"
      >
        Word Storer
      </h2>
      <p
        class="_auth__description_340faf"
      >
        Log in or create a new account to start storing your words.
      </p>
    </div>
    <form
      action="javascript:throw new Error('A React form was unexpectedly submitted. If you called form.submit() manually, consider using form.requestSubmit() instead. If you\\'re trying to use event.stopPropagation() in a submit event handler, consider also calling event.preventDefault().')"
      class="_auth__form_340faf"
    >
      <div
        class="_auth__control_340faf"
      >
        <label
          class="_auth__label_340faf"
          for="email"
        >
          Email 
          <span
            class="_auth__required_340faf"
          >
            (required)
          </span>
        </label>
        <input
          class="_auth__input_340faf"
          id="email"
          maxlength="255"
          name="email"
          required=""
          type="email"
        />
      </div>
      <div
        class="_auth__control_340faf"
      >
        <label
          class="_auth__label_340faf"
          for="password"
        >
          Password 
          <span
            class="_auth__required_340faf"
          >
            (required)
          </span>
        </label>
        <input
          class="_auth__input_340faf"
          id="password"
          maxlength="72"
          name="password"
          required=""
          type="password"
        />
      </div>
      <button
        class="_auth__button_340faf"
        type="submit"
      >
        Login
      </button>
    </form>
    <p
      class="_auth__redirect_340faf"
    >
      New around here? 
      <a
        class="_auth_link_340faf"
        data-discover="true"
        href="/register"
      >
        Create account
      </a>
    </p>
    <p
      class="_auth__redirect_340faf"
    >
      <a
        class="_auth_link_340faf"
        data-discover="true"
        href="/forgotPassword"
      >
        Forgot Password?
      </a>
    </p>
  </section>
</DocumentFragment>
`;
