// Vitest Snapshot v1, https://vitest.dev/guide/snapshot.html

exports[`NoMore component > renders title and description 1`] = `
<DocumentFragment>
  <div
    class="_container_afc42b"
  >
    <p
      class="_container__title_afc42b"
    >
      No more user words
    </p>
    <p
      class="_container__description_afc42b"
    >
      Add more user words to see more user words in your collection.
    </p>
  </div>
</DocumentFragment>
`;

exports[`NoMore component > renders title and description in lower case when name is uppercase 1`] = `
<DocumentFragment>
  <div
    class="_container_afc42b"
  >
    <p
      class="_container__title_afc42b"
    >
      No more user words
    </p>
    <p
      class="_container__description_afc42b"
    >
      Add more user words to see more user words in your collection.
    </p>
  </div>
</DocumentFragment>
`;
